// Jest Snapshot v1, https://goo.gl/fbAQLP

exports[`AirQualityText Component matches snapshot 1`] = `
<DocumentFragment>
  <span
    class="sc-VHjGu ubvvV"
  >
    moderado
  </span>
</DocumentFragment>
`;
